------------------------------------------------------------
TimeQuest Timing Analyzer Summary
------------------------------------------------------------

Type  : Slow 1200mV 85C Model Setup 'sys_clk'
Slack : -8.092
TNS   : -34.940

Type  : Slow 1200mV 85C Model Setup 'bclk'
Slack : 39.303
TNS   : 0.000

Type  : Slow 1200mV 85C Model Setup 'altera_reserved_tck'
Slack : 42.764
TNS   : 0.000

Type  : Slow 1200mV 85C Model Hold 'sys_clk'
Slack : 0.328
TNS   : 0.000

Type  : Slow 1200mV 85C Model Hold 'bclk'
Slack : 0.365
TNS   : 0.000

Type  : Slow 1200mV 85C Model Hold 'altera_reserved_tck'
Slack : 0.453
TNS   : 0.000

Type  : Slow 1200mV 85C Model Recovery 'sys_clk'
Slack : 15.193
TNS   : 0.000

Type  : Slow 1200mV 85C Model Recovery 'altera_reserved_tck'
Slack : 47.935
TNS   : 0.000

Type  : Slow 1200mV 85C Model Removal 'altera_reserved_tck'
Slack : 1.132
TNS   : 0.000

Type  : Slow 1200mV 85C Model Removal 'sys_clk'
Slack : 2.749
TNS   : 0.000

Type  : Slow 1200mV 85C Model Minimum Pulse Width 'sys_clk'
Slack : 9.512
TNS   : 0.000

Type  : Slow 1200mV 85C Model Minimum Pulse Width 'bclk'
Slack : 40.517
TNS   : 0.000

Type  : Slow 1200mV 85C Model Minimum Pulse Width 'altera_reserved_tck'
Slack : 49.456
TNS   : 0.000

Type  : Slow 1200mV 0C Model Setup 'sys_clk'
Slack : -5.455
TNS   : -11.762

Type  : Slow 1200mV 0C Model Setup 'bclk'
Slack : 39.208
TNS   : 0.000

Type  : Slow 1200mV 0C Model Setup 'altera_reserved_tck'
Slack : 43.255
TNS   : 0.000

Type  : Slow 1200mV 0C Model Hold 'bclk'
Slack : 0.292
TNS   : 0.000

Type  : Slow 1200mV 0C Model Hold 'sys_clk'
Slack : 0.315
TNS   : 0.000

Type  : Slow 1200mV 0C Model Hold 'altera_reserved_tck'
Slack : 0.402
TNS   : 0.000

Type  : Slow 1200mV 0C Model Recovery 'sys_clk'
Slack : 15.471
TNS   : 0.000

Type  : Slow 1200mV 0C Model Recovery 'altera_reserved_tck'
Slack : 48.211
TNS   : 0.000

Type  : Slow 1200mV 0C Model Removal 'altera_reserved_tck'
Slack : 1.035
TNS   : 0.000

Type  : Slow 1200mV 0C Model Removal 'sys_clk'
Slack : 2.482
TNS   : 0.000

Type  : Slow 1200mV 0C Model Minimum Pulse Width 'sys_clk'
Slack : 9.552
TNS   : 0.000

Type  : Slow 1200mV 0C Model Minimum Pulse Width 'bclk'
Slack : 40.361
TNS   : 0.000

Type  : Slow 1200mV 0C Model Minimum Pulse Width 'altera_reserved_tck'
Slack : 49.310
TNS   : 0.000

Type  : Fast 1200mV 0C Model Setup 'sys_clk'
Slack : 7.654
TNS   : 0.000

Type  : Fast 1200mV 0C Model Setup 'bclk'
Slack : 40.737
TNS   : 0.000

Type  : Fast 1200mV 0C Model Setup 'altera_reserved_tck'
Slack : 46.993
TNS   : 0.000

Type  : Fast 1200mV 0C Model Hold 'sys_clk'
Slack : 0.098
TNS   : 0.000

Type  : Fast 1200mV 0C Model Hold 'bclk'
Slack : 0.143
TNS   : 0.000

Type  : Fast 1200mV 0C Model Hold 'altera_reserved_tck'
Slack : 0.186
TNS   : 0.000

Type  : Fast 1200mV 0C Model Recovery 'sys_clk'
Slack : 17.819
TNS   : 0.000

Type  : Fast 1200mV 0C Model Recovery 'altera_reserved_tck'
Slack : 49.268
TNS   : 0.000

Type  : Fast 1200mV 0C Model Removal 'altera_reserved_tck'
Slack : 0.495
TNS   : 0.000

Type  : Fast 1200mV 0C Model Removal 'sys_clk'
Slack : 1.210
TNS   : 0.000

Type  : Fast 1200mV 0C Model Minimum Pulse Width 'sys_clk'
Slack : 9.326
TNS   : 0.000

Type  : Fast 1200mV 0C Model Minimum Pulse Width 'bclk'
Slack : 40.265
TNS   : 0.000

Type  : Fast 1200mV 0C Model Minimum Pulse Width 'altera_reserved_tck'
Slack : 49.459
TNS   : 0.000

------------------------------------------------------------
